// Jest Snapshot v1, https://goo.gl/fbAQLP

exports[`App component renders all parts correctly 1`] = `
<div
  className="App"
>
  <div
    className="container"
  >
    <div
      className="GaugeNavBar"
    >
      <nav
        className="navbar navbar-expand navbar-light"
      >
        <a
          className="navbar-brand"
          href="https://coopslarhette.github.io/gauge/"
        >
          Gauge
        </a>
        <div
          className="ml-auto"
        >
          <a
            href="https://github.com/coopslarhette"
          >
            <img
              alt="github page"
              src="../public/github-logo.png"
            />
          </a>
        </div>
      </nav>
    </div>
    <div
      className="interactionSpace row"
    >
      <div
        className="col-sm-7"
      >
        <div
          className="flex-block"
        >
          <div
            className="row"
          >
            <div
              className="inputRow"
            >
              <div
                className="mb-3 input-group"
              >
                <div
                  className="input-group-prepend"
                >
                  <span
                    className="input-group-text"
                    id="basic-addon1"
                  >
                    A
                  </span>
                </div>
                <input
                  aria-describedby="basic-addon1"
                  aria-label="Input"
                  className="form-control"
                  onChange={[Function]}
                  placeholder="Enter your origin."
                />
              </div>
              <div
                className="mb-3 input-group"
              >
                <div
                  className="input-group-prepend"
                >
                  <span
                    className="input-group-text"
                    id="basic-addon1"
                  >
                    B
                  </span>
                </div>
                <input
                  aria-describedby="basic-addon1"
                  aria-label="Input"
                  className="form-control"
                  onChange={[Function]}
                  placeholder="Enter your destination."
                />
              </div>
            </div>
          </div>
          <div
            className="row"
          >
            <div
              className="inputRow"
            >
              <div
                className="mb-3 input-group"
              >
                <div
                  className="input-group-prepend"
                >
                  <span
                    className="input-group-text"
                    id="basic-addon1"
                  >
                    $
                  </span>
                </div>
                <input
                  aria-describedby="basic-addon1"
                  aria-label="Input"
                  className="form-control"
                  onChange={[Function]}
                  placeholder="Enter local cost of gas here."
                />
              </div>
              <div
                className="mb-3 input-group"
              >
                <div
                  className="input-group-prepend"
                >
                  <span
                    className="input-group-text"
                    id="basic-addon1"
                  >
                    Î·
                  </span>
                </div>
                <input
                  aria-describedby="basic-addon1"
                  aria-label="Input"
                  className="form-control"
                  onChange={[Function]}
                  placeholder="Enter you car's mpg here."
                />
              </div>
            </div>
          </div>
          <button
            className="btn btn-primary btn-lg"
            disabled={false}
            onClick={[Function]}
            type="button"
          >
            Compute Cost!
          </button>
        </div>
        <div />
      </div>
      <div
        className="col-sm-5"
      >
        <div
          className="map"
        />
      </div>
    </div>
  </div>
</div>
`;
